stm32f3xx_ll_tim.h:3971:22:LL_TIM_ClearFlag_UPDATE	16	static
stm32f3xx_ll_tim.h:3982:26:LL_TIM_IsActiveFlag_UPDATE	16	static
stm32f3xx_ll_gpio.h:895:22:LL_GPIO_SetOutputPin	16	static
stm32f3xx_ll_gpio.h:924:22:LL_GPIO_ResetOutputPin	16	static
display.c:19:6:resetSegments	8	static
display.c:32:6:setSegments	8	static
display.c:45:6:resetDigits	8	static
display.c:55:6:setDigits	8	static
display.c:64:6:setDecimalPoint	8	static
display.c:70:6:setOne	8	static
display.c:77:6:setTwo	8	static
display.c:87:6:setThree	8	static
display.c:97:6:setFour	8	static
display.c:106:6:setFive	8	static
display.c:116:6:setSix	8	static
display.c:127:6:setSeven	8	static
display.c:135:6:setEight	8	static
display.c:147:6:setNine	8	static
display.c:157:6:setZero	8	static
display.c:168:6:setMedzera	8	static
display.c:172:6:setA	8	static
display.c:181:6:setB	8	static
display.c:191:6:updateDisplay	24	static
display.c:229:6:TIM3_IRQHandler	8	static
